[LOG] system_create                            : Header version = 2.03.06. Current version = 2.03.06.
[LOG] Manager::init                            : maxchannels = 256 studioflags = 00000006 flags 00000000 extradriverdata 0000000000000000.
[LOG] SystemI::init                            : Initialize version=20306 (149358), maxchannels=256, flags=0x00020000
[LOG] SystemI::setOutputInternal               : Setting output to 'FMOD WASAPI Output'
[LOG] OutputWASAPI::init                       : Mix Format (WAVEFORMATEX): wFormatTag=0xFFFE, nChannels=2, nSamplesPerSec=48000, nAvgBytesPerSec=384000, nBlockAlign=8, wBitsPerSample=32, cbSize=22.
[LOG] OutputWASAPI::init                       : Mix Format (WAVEFORMATEXTENSIBLE): wValidBitsPerSample=32, dwChannelMask=0x00000003, SubFormat=00000003-0000-0010-8000-00AA00389B71.
[LOG] OutputWASAPI::init                       : Output buffer size: 2048 samples, latency: 0.00ms, period: 10.00ms, DSP buffer: 512 * 4
[LOG] Thread::initThread                       : Init FMOD stream thread. Affinity: 0x4000000000000003, Priority: 0xFFFF7FFB, Stack Size: 98304, Semaphore: No, Sleep Time: 10, Looping: Yes.
[LOG] SystemI::DSPCodecPoolRegister            : register codec pool for pool type 0
[LOG] Thread::initThread                       : Init FMOD mixer thread. Affinity: 0x4000000000000001, Priority: 0xFFFF7FFA, Stack Size: 81920, Semaphore: No, Sleep Time: 0, Looping: Yes.
[LOG] AsyncManager::init                       : manager 0000021785430598 isAsync 0 updatePeriod 0.02
[LOG] AsyncManager::init                       : done
[LOG] PlaybackSystem::init                     : 
[LOG] Thread::initThread                       : Init FMOD Studio sample load thread. Affinity: 0x4000000000000003, Priority: 0xFFFF7FFD, Stack Size: 98304, Semaphore: No, Sleep Time: 1, Looping: No.
[LOG] PlaybackSystem::init                     : done
[LOG] Thread::initThread                       : Init FMOD Studio bank load thread. Affinity: 0x4000000000000003, Priority: 0xFFFF7FFD, Stack Size: 98304, Semaphore: No, Sleep Time: 1, Looping: No.
[LOG] Manager::init                            : done.
[LOG] BankLoader::serializeBank                : fileversion = 146, compatVersion = 146 (oldest = 44, newest = 146)
[LOG] BankLoader::serializeBank                : fileversion = 146, compatVersion = 146 (oldest = 44, newest = 146)
[LOG] PlaybackSystem::acquireMasterBus         : Setting master channel group format to 3
[LOG] SystemI::createSoundInternal             : Create name='', mode=0x02000202
[LOG] SystemI::createSoundInternal             : exinfo->cbsize             = 224
[LOG] SystemI::createSoundInternal             : exinfo->length             = 23720384
[LOG] SystemI::createSoundInternal             : exinfo->fileoffset         = 339168
[LOG] SystemI::createSoundInternal             : exinfo->numsubsounds       = 1
[LOG] SystemI::createSoundInternal             : exinfo->inclusionlist      = 00000086143FEE48
[LOG] SystemI::createSoundInternal             : exinfo->inclusionlistnum   = 1
[LOG] SystemI::createSoundInternal             : exinfo->suggestedsoundtype = 5
[LOG] SystemI::createSoundInternal             : exinfo->useropen           = 00007FFC3797D3E0
[LOG] SystemI::createSoundInternal             : exinfo->userclose          = 00007FFC3797D3A0
[LOG] SystemI::createSoundInternal             : exinfo->userread           = 00007FFC3797D4C0
[LOG] SystemI::createSoundInternal             : exinfo->userseek           = 00007FFC3797D580
[LOG] SystemI::createSoundInternal             : exinfo->fileuserdata       = 0000021C5EEB3198
[LOG] SystemI::createSoundInternal             : exinfo->initialseekpostype = 1
[LOG] SystemI::DSPCodecPoolRegister            : register codec pool for pool type 4
[LOG] SystemI::createSoundInternal             : Sample 0/1: name='Mechanical, Gears, Mechanical Texture, Air Release, Burst, Hiss 04 SND117046 - Trimmed', format=5, channels=2, frequency=48000, lengthbytes=21792, lengthpcm=96000, pcmblocksize=0, loopstart=0, loopend=0, mode=0x00000000, channelmask=0x00000000, channelorder=0, peakvolume=0.275269.
[LOG] SystemI::createSoundInternal             : Create name='', mode=0x02000202
[LOG] SystemI::createSoundInternal             : exinfo->cbsize             = 224
[LOG] SystemI::createSoundInternal             : exinfo->length             = 23720384
[LOG] SystemI::createSoundInternal             : exinfo->fileoffset         = 339168
[LOG] SystemI::createSoundInternal             : exinfo->numsubsounds       = 1
[LOG] SystemI::createSoundInternal             : exinfo->inclusionlist      = 00000086143FEE48
[LOG] SystemI::createSoundInternal             : exinfo->inclusionlistnum   = 1
[LOG] SystemI::createSoundInternal             : exinfo->suggestedsoundtype = 5
[LOG] SystemI::createSoundInternal             : exinfo->useropen           = 00007FFC3797D3E0
[LOG] SystemI::createSoundInternal             : exinfo->userclose          = 00007FFC3797D3A0
[LOG] SystemI::createSoundInternal             : exinfo->userread           = 00007FFC3797D4C0
[LOG] SystemI::createSoundInternal             : exinfo->userseek           = 00007FFC3797D580
[LOG] SystemI::createSoundInternal             : exinfo->fileuserdata       = 0000021C5EEB3198
[LOG] SystemI::createSoundInternal             : exinfo->initialseekpostype = 1
[LOG] SystemI::DSPCodecPoolRegister            : register codec pool for pool type 4
[LOG] SystemI::createSoundInternal             : Sample 0/1: name='Mechanical, Gears, Mechanical Texture, Air Release, Burst, Hiss 03 SND117046 - Trimmed', format=5, channels=2, frequency=48000, lengthbytes=23936, lengthpcm=129381, pcmblocksize=0, loopstart=0, loopend=0, mode=0x00000000, channelmask=0x00000000, channelorder=0, peakvolume=0.172607.
[LOG] SystemI::createSoundInternal             : Create name='', mode=0x02000202
[LOG] SystemI::createSoundInternal             : exinfo->cbsize             = 224
[LOG] SystemI::createSoundInternal             : exinfo->length             = 23720384
[LOG] SystemI::createSoundInternal             : exinfo->fileoffset         = 339168
[LOG] SystemI::createSoundInternal             : exinfo->numsubsounds       = 1
[LOG] SystemI::createSoundInternal             : exinfo->inclusionlist      = 00000086143FEE48
[LOG] SystemI::createSoundInternal             : exinfo->inclusionlistnum   = 1
[LOG] SystemI::createSoundInternal             : exinfo->suggestedsoundtype = 5
[LOG] SystemI::createSoundInternal             : exinfo->useropen           = 00007FFC3797D3E0
[LOG] SystemI::createSoundInternal             : exinfo->userclose          = 00007FFC3797D3A0
[LOG] SystemI::createSoundInternal             : exinfo->userread           = 00007FFC3797D4C0
[LOG] SystemI::createSoundInternal             : exinfo->userseek           = 00007FFC3797D580
[LOG] SystemI::createSoundInternal             : exinfo->fileuserdata       = 0000021C5EEB3198
[LOG] SystemI::createSoundInternal             : exinfo->initialseekpostype = 1
[LOG] SystemI::DSPCodecPoolRegister            : register codec pool for pool type 4
[LOG] SystemI::createSoundInternal             : Sample 0/1: name='Mechanical, Gears, Mechanical Texture, Air Release, Burst, Hiss 02 SND117046 - Trimmed', format=5, channels=2, frequency=48000, lengthbytes=20672, lengthpcm=96000, pcmblocksize=0, loopstart=0, loopend=0, mode=0x00000000, channelmask=0x00000000, channelorder=0, peakvolume=0.264282.
[LOG] SystemI::createSound                     : filename = ../../../Desktop/Downloads Projet KOT LPJV/Projet-LPJV-KOT-dev (2)/FmodKnell/Build/Desktop/Master.bank : mode 02010082
[LOG] SystemI::createSound                     : FMOD_NONBLOCKING specified.  Putting into queue to be opened asynchronously!
[LOG] Thread::initThread                       : Init FMOD nonblocking thread (0). Affinity: 0x4000000000000003, Priority: 0xFFFF7FFC, Stack Size: 114688, Semaphore: Yes, Sleep Time: 0, Looping: Yes.
[LOG] AsyncThread::add                         : add sound to async queue : soundi = 00000219D18DA6A8, queue head = 00000219D18DA4D8, queue count = 0
[LOG] AsyncThread::threadFunc                  : Starting Asynchronous operation on sound 00000219D18DA6A8
[LOG] SystemI::createSoundInternal             :     Create name='../../../Desktop/Downloads Projet KOT LPJV/Projet-LPJV-KOT-dev (2)/FmodKnell/Build/Desktop/Master.bank', mode=0x02010082
[LOG] SystemI::createSoundInternal             :     exinfo->cbsize             = 224
[LOG] SystemI::createSoundInternal             :     exinfo->length             = 23720384
[LOG] SystemI::createSoundInternal             :     exinfo->fileoffset         = 339168
[LOG] SystemI::createSoundInternal             :     exinfo->numsubsounds       = 1
[LOG] SystemI::createSoundInternal             :     exinfo->inclusionlist      = 0000021A15244188
[LOG] SystemI::createSoundInternal             :     exinfo->inclusionlistnum   = 1
[LOG] SystemI::createSoundInternal             :     exinfo->suggestedsoundtype = 5
[LOG] SystemI::createSoundInternal             :     exinfo->initialseekposition = 1000
[LOG] SystemI::createSoundInternal             :     exinfo->initialseekpostype = 1
[LOG] SystemI::createSoundInternal             :     Stream 0/1: name='CHAUFFE GAZ TRUC AU SPAWN', format=5, channels=2, frequency=48000, lengthbytes=282912, lengthpcm=1226920, pcmblocksize=0, loopstart=0, loopend=0, mode=0x00000000, channelmask=0x00000000, channelorder=0, peakvolume=0.065796.
[LOG] Thread::initThread                       :     Init FMOD file thread. Affinity: 0x4000000000000003, Priority: 0xFFFF7FFC, Stack Size: 65536, Semaphore: No, Sleep Time: 10, Looping: Yes.
[LOG] AsyncThread::threadFunc                  : Finished Asynchronous operation on sound 00000219D18DA6A8
[LOG] SystemI::createSound                     : filename = ../../../Desktop/Downloads Projet KOT LPJV/Projet-LPJV-KOT-dev (2)/FmodKnell/Build/Desktop/Master.bank : mode 02010082
[LOG] SystemI::createSound                     : FMOD_NONBLOCKING specified.  Putting into queue to be opened asynchronously!
[LOG] AsyncThread::add                         : add sound to async queue : soundi = 00000219D18DAE78, queue head = 00000219D18DA4D8, queue count = 0
[LOG] AsyncThread::threadFunc                  : Starting Asynchronous operation on sound 00000219D18DAE78
[LOG] SystemI::createSoundInternal             :     Create name='../../../Desktop/Downloads Projet KOT LPJV/Projet-LPJV-KOT-dev (2)/FmodKnell/Build/Desktop/Master.bank', mode=0x02010082
[LOG] SystemI::createSoundInternal             :     exinfo->cbsize             = 224
[LOG] SystemI::createSoundInternal             :     exinfo->length             = 23720384
[LOG] SystemI::createSoundInternal             :     exinfo->fileoffset         = 339168
[LOG] SystemI::createSoundInternal             :     exinfo->numsubsounds       = 1
[LOG] SystemI::createSoundInternal             :     exinfo->inclusionlist      = 0000021A15244868
[LOG] SystemI::createSoundInternal             :     exinfo->inclusionlistnum   = 1
[LOG] SystemI::createSoundInternal             :     exinfo->suggestedsoundtype = 5
[LOG] SystemI::createSoundInternal             :     exinfo->initialseekposition = 1000
[LOG] SystemI::createSoundInternal             :     exinfo->initialseekpostype = 1
[LOG] SystemI::createSoundInternal             :     Stream 0/1: name='CHAUFFE GAZ TRUC AU SPAWN', format=5, channels=2, frequency=48000, lengthbytes=282912, lengthpcm=1226920, pcmblocksize=0, loopstart=0, loopend=0, mode=0x00000000, channelmask=0x00000000, channelorder=0, peakvolume=0.065796.
[LOG] AsyncThread::threadFunc                  : Finished Asynchronous operation on sound 00000219D18DAE78
[LOG] SoundI::release                          : CHAUFFE GAZ TRUC AU SPAWN (00000219D18DA6A8)
[LOG] SoundI::release                          :     CHAUFFE GAZ TRUC AU SPAWN (00000219C7632DE8)
[LOG] SoundI::release                          :     CHAUFFE GAZ TRUC AU SPAWN (00000219D4C2ED18)
[LOG] SoundI::release                          : CHAUFFE GAZ TRUC AU SPAWN (00000219D18DAE78)
[LOG] SoundI::release                          :     CHAUFFE GAZ TRUC AU SPAWN (00000219C7632C68)
[LOG] SoundI::release                          :     CHAUFFE GAZ TRUC AU SPAWN (00000219D4C2EEA8)
[LOG] SoundI::release                          :  (0000021AD98E3308)
[LOG] SoundI::release                          :     Mechanical, Gears, Mechanical Texture, Air Release, Burst, Hiss 02 SND117046 - Trimmed (00000219C63FE298)
[LOG] SoundI::release                          :  (00000219C7BCA4C8)
[LOG] SoundI::release                          :     Mechanical, Gears, Mechanical Texture, Air Release, Burst, Hiss 03 SND117046 - Trimmed (00000219A3B59068)
[LOG] SoundI::release                          :  (00000219C7BC9DE8)
[LOG] SoundI::release                          :     Mechanical, Gears, Mechanical Texture, Air Release, Burst, Hiss 04 SND117046 - Trimmed (00000219A3B59668)
[LOG] Thread::callback                         : FMOD Studio bank load thread finished.
[LOG] Thread::callback                         : FMOD Studio sample load thread finished.
[LOG] LiveUpdate::release                      : 
[LOG] LiveUpdate::reset                        : Reset connection (reason Disconnected)
[LOG] Thread::callback                         : FMOD stream thread finished.
[LOG] Thread::callback                         : FMOD mixer thread finished.
[LOG] SystemI::closeInternal                   : Closed.
[LOG] Thread::callback                         : FMOD nonblocking thread (0) finished.
[LOG] Thread::callback                         : FMOD file thread finished.
